MPLINK 5.09, LINKER
Linker Map File - Created Sun Sep 17 18:58:46 2023

                                 Section Info
                  Section       Type    Address   Location Size(Bytes)
                ---------  ---------  ---------  ---------  ---------
                 PwrOnRst       code   0x000000    program   0x000002
                   .cinit    romdata   0x000001    program   0x000004
                  UsrCode       code   0x000003    program   0x000026
.config_2007_BUILD/DEFAULT/PRODUCTION/LAB_01.       code   0x002007    program   0x000002
.config_2008_BUILD/DEFAULT/PRODUCTION/LAB_01.       code   0x002008    program   0x000002



                              Program Memory Usage 
                               Start         End      
                           ---------   ---------      
                            0x000000    0x000015      
                            0x002007    0x002008      
            24 out of 8455 program addresses used, program memory utilization is 0%



                              Symbols - Sorted by Name
                     Name    Address   Location    Storage File                     
                ---------  ---------  ---------  --------- ---------                
                     Main   0x000003    program     static C:\Users\NSF-WORK\Desktop\fall 2023\embedded system\Lab_01.X\Lab_01.asm
                      Off   0x00000e    program     static C:\Users\NSF-WORK\Desktop\fall 2023\embedded system\Lab_01.X\Lab_01.asm
                       On   0x000012    program     static C:\Users\NSF-WORK\Desktop\fall 2023\embedded system\Lab_01.X\Lab_01.asm



                              Symbols - Sorted by Address
                     Name    Address   Location    Storage File                     
                ---------  ---------  ---------  --------- ---------                
                     Main   0x000003    program     static C:\Users\NSF-WORK\Desktop\fall 2023\embedded system\Lab_01.X\Lab_01.asm
                      Off   0x00000e    program     static C:\Users\NSF-WORK\Desktop\fall 2023\embedded system\Lab_01.X\Lab_01.asm
                       On   0x000012    program     static C:\Users\NSF-WORK\Desktop\fall 2023\embedded system\Lab_01.X\Lab_01.asm


