MPLINK 5.09, LINKER
Linker Map File - Created Fri Oct 27 12:57:35 2023

                                 Section Info
                  Section       Type    Address   Location Size(Bytes)
                ---------  ---------  ---------  ---------  ---------
                 PwrOnRst       code   0x000000    program   0x000002
                   .cinit    romdata   0x000001    program   0x000004
                  IntVect       code   0x000004    program   0x000002
                  UsrCode       code   0x000005    program   0x000050
.config_2007_BUILD/DEFAULT/PRODUCTION/LAB_05.       code   0x002007    program   0x000002
.config_2008_BUILD/DEFAULT/PRODUCTION/LAB_05.       code   0x002008    program   0x000002



                              Program Memory Usage 
                               Start         End      
                           ---------   ---------      
                            0x000000    0x000002      
                            0x000004    0x00002c      
                            0x002007    0x002008      
            46 out of 8455 program addresses used, program memory utilization is 0%



                              Symbols - Sorted by Name
                     Name    Address   Location    Storage File                     
                ---------  ---------  ---------  --------- ---------                
                     Init   0x000005    program     static C:\Users\NSF-WORK\Desktop\fall 2023\embedded system\Lab_05.X\Lab_05.asm
                Interrupt   0x000021    program     static C:\Users\NSF-WORK\Desktop\fall 2023\embedded system\Lab_05.X\Lab_05.asm
                     Main   0x000020    program     static C:\Users\NSF-WORK\Desktop\fall 2023\embedded system\Lab_05.X\Lab_05.asm



                              Symbols - Sorted by Address
                     Name    Address   Location    Storage File                     
                ---------  ---------  ---------  --------- ---------                
                     Init   0x000005    program     static C:\Users\NSF-WORK\Desktop\fall 2023\embedded system\Lab_05.X\Lab_05.asm
                     Main   0x000020    program     static C:\Users\NSF-WORK\Desktop\fall 2023\embedded system\Lab_05.X\Lab_05.asm
                Interrupt   0x000021    program     static C:\Users\NSF-WORK\Desktop\fall 2023\embedded system\Lab_05.X\Lab_05.asm


