MPLINK 5.09, LINKER
Linker Map File - Created Thu Oct 12 20:13:25 2023

                                 Section Info
                  Section       Type    Address   Location Size(Bytes)
                ---------  ---------  ---------  ---------  ---------
                 PwrOnRst       code   0x000000    program   0x000002
                   .cinit    romdata   0x000001    program   0x000004
                  UsrCode       code   0x000003    program   0x00005c
.config_2007_BUILD/DEFAULT/PRODUCTION/LAB_04.       code   0x002007    program   0x000002
.config_2008_BUILD/DEFAULT/PRODUCTION/LAB_04.       code   0x002008    program   0x000002
                DelayVars      udata   0x000020       data   0x000003



                              Program Memory Usage 
                               Start         End      
                           ---------   ---------      
                            0x000000    0x000030      
                            0x002007    0x002008      
            51 out of 8455 program addresses used, program memory utilization is 0%



                              Symbols - Sorted by Name
                     Name    Address   Location    Storage File                     
                ---------  ---------  ---------  --------- ---------                
                DelayLoop   0x000026    program     static C:\Users\NSF-WORK\Desktop\fall 2023\embedded system\Embedded_Systems_PIC-\Lab_04.X\Lab_04.asm
                     Init   0x000007    program     static C:\Users\NSF-WORK\Desktop\fall 2023\embedded system\Embedded_Systems_PIC-\Lab_04.X\Lab_04.asm
                     Main   0x000003    program     static C:\Users\NSF-WORK\Desktop\fall 2023\embedded system\Embedded_Systems_PIC-\Lab_04.X\Lab_04.asm
                 MainLoop   0x000004    program     static C:\Users\NSF-WORK\Desktop\fall 2023\embedded system\Embedded_Systems_PIC-\Lab_04.X\Lab_04.asm
                ToggleLED   0x00001f    program     static C:\Users\NSF-WORK\Desktop\fall 2023\embedded system\Embedded_Systems_PIC-\Lab_04.X\Lab_04.asm
                    delay   0x000024    program     static C:\Users\NSF-WORK\Desktop\fall 2023\embedded system\Embedded_Systems_PIC-\Lab_04.X\Lab_04.asm
                   Count1   0x000020       data     static C:\Users\NSF-WORK\Desktop\fall 2023\embedded system\Embedded_Systems_PIC-\Lab_04.X\Lab_04.asm
                   Count2   0x000021       data     static C:\Users\NSF-WORK\Desktop\fall 2023\embedded system\Embedded_Systems_PIC-\Lab_04.X\Lab_04.asm
                   Count3   0x000022       data     static C:\Users\NSF-WORK\Desktop\fall 2023\embedded system\Embedded_Systems_PIC-\Lab_04.X\Lab_04.asm



                              Symbols - Sorted by Address
                     Name    Address   Location    Storage File                     
                ---------  ---------  ---------  --------- ---------                
                     Main   0x000003    program     static C:\Users\NSF-WORK\Desktop\fall 2023\embedded system\Embedded_Systems_PIC-\Lab_04.X\Lab_04.asm
                 MainLoop   0x000004    program     static C:\Users\NSF-WORK\Desktop\fall 2023\embedded system\Embedded_Systems_PIC-\Lab_04.X\Lab_04.asm
                     Init   0x000007    program     static C:\Users\NSF-WORK\Desktop\fall 2023\embedded system\Embedded_Systems_PIC-\Lab_04.X\Lab_04.asm
                ToggleLED   0x00001f    program     static C:\Users\NSF-WORK\Desktop\fall 2023\embedded system\Embedded_Systems_PIC-\Lab_04.X\Lab_04.asm
                    delay   0x000024    program     static C:\Users\NSF-WORK\Desktop\fall 2023\embedded system\Embedded_Systems_PIC-\Lab_04.X\Lab_04.asm
                DelayLoop   0x000026    program     static C:\Users\NSF-WORK\Desktop\fall 2023\embedded system\Embedded_Systems_PIC-\Lab_04.X\Lab_04.asm
                   Count1   0x000020       data     static C:\Users\NSF-WORK\Desktop\fall 2023\embedded system\Embedded_Systems_PIC-\Lab_04.X\Lab_04.asm
                   Count2   0x000021       data     static C:\Users\NSF-WORK\Desktop\fall 2023\embedded system\Embedded_Systems_PIC-\Lab_04.X\Lab_04.asm
                   Count3   0x000022       data     static C:\Users\NSF-WORK\Desktop\fall 2023\embedded system\Embedded_Systems_PIC-\Lab_04.X\Lab_04.asm


