MPLINK 5.09, LINKER
Linker Map File - Created Thu Sep 28 14:06:43 2023

                                 Section Info
                  Section       Type    Address   Location Size(Bytes)
                ---------  ---------  ---------  ---------  ---------
                 PwrOnRst       code   0x000000    program   0x000002
                   .cinit    romdata   0x000001    program   0x000004
                  IntVect       code   0x000004    program   0x000002
                  UsrCode       code   0x000005    program   0x000078
.config_2007_BUILD/DEFAULT/PRODUCTION/LAB_03.       code   0x002007    program   0x000002
.config_2008_BUILD/DEFAULT/PRODUCTION/LAB_03.       code   0x002008    program   0x000002



                              Program Memory Usage 
                               Start         End      
                           ---------   ---------      
                            0x000000    0x000002      
                            0x000004    0x000040      
                            0x002007    0x002008      
            66 out of 8455 program addresses used, program memory utilization is 0%



                              Symbols - Sorted by Name
                     Name    Address   Location    Storage File                     
                ---------  ---------  ---------  --------- ---------                
                Interrupt   0x000024    program     static C:\Users\NSF-WORK\Desktop\fall 2023\embedded system\Lab_03.X\Lab_03.asm
                     Main   0x000009    program     static C:\Users\NSF-WORK\Desktop\fall 2023\embedded system\Lab_03.X\Lab_03.asm
                    NO_OP   0x000039    program     static C:\Users\NSF-WORK\Desktop\fall 2023\embedded system\Lab_03.X\Lab_03.asm
            _UsrCode_0036   0x00003b    program     static C:\Users\NSF-WORK\Desktop\fall 2023\embedded system\Lab_03.X\Lab_03.asm
                main_loop   0x00001f    program     static C:\Users\NSF-WORK\Desktop\fall 2023\embedded system\Lab_03.X\Lab_03.asm



                              Symbols - Sorted by Address
                     Name    Address   Location    Storage File                     
                ---------  ---------  ---------  --------- ---------                
                     Main   0x000009    program     static C:\Users\NSF-WORK\Desktop\fall 2023\embedded system\Lab_03.X\Lab_03.asm
                main_loop   0x00001f    program     static C:\Users\NSF-WORK\Desktop\fall 2023\embedded system\Lab_03.X\Lab_03.asm
                Interrupt   0x000024    program     static C:\Users\NSF-WORK\Desktop\fall 2023\embedded system\Lab_03.X\Lab_03.asm
                    NO_OP   0x000039    program     static C:\Users\NSF-WORK\Desktop\fall 2023\embedded system\Lab_03.X\Lab_03.asm
            _UsrCode_0036   0x00003b    program     static C:\Users\NSF-WORK\Desktop\fall 2023\embedded system\Lab_03.X\Lab_03.asm


