MPLINK 5.09, LINKER
Linker Map File - Created Tue Sep 26 04:35:08 2023

                                 Section Info
                  Section       Type    Address   Location Size(Bytes)
                ---------  ---------  ---------  ---------  ---------
                 PwrOnRst       code   0x000000    program   0x000002
                   .cinit    romdata   0x000001    program   0x000004
                  UsrCode       code   0x000003    program   0x000084
.config_2007_BUILD/DEFAULT/PRODUCTION/LAB_02.       code   0x002007    program   0x000002
.config_2008_BUILD/DEFAULT/PRODUCTION/LAB_02.       code   0x002008    program   0x000002



                              Program Memory Usage 
                               Start         End      
                           ---------   ---------      
                            0x000000    0x000044      
                            0x002007    0x002008      
            71 out of 8455 program addresses used, program memory utilization is 0%



                              Symbols - Sorted by Name
                     Name    Address   Location    Storage File                     
                ---------  ---------  ---------  --------- ---------                
                 DS1_func   0x000020    program     static C:\Users\NSF-WORK\Desktop\fall 2023\embedded system\Lab_02.X\Lab_02.asm
                 DS4_func   0x000029    program     static C:\Users\NSF-WORK\Desktop\fall 2023\embedded system\Lab_02.X\Lab_02.asm
                     Main   0x000003    program     static C:\Users\NSF-WORK\Desktop\fall 2023\embedded system\Lab_02.X\Lab_02.asm
                    NO_OP   0x00003d    program     static C:\Users\NSF-WORK\Desktop\fall 2023\embedded system\Lab_02.X\Lab_02.asm
            _UsrCode_003C   0x00003f    program     static C:\Users\NSF-WORK\Desktop\fall 2023\embedded system\Lab_02.X\Lab_02.asm
                both_func   0x000032    program     static C:\Users\NSF-WORK\Desktop\fall 2023\embedded system\Lab_02.X\Lab_02.asm
                main_loop   0x000018    program     static C:\Users\NSF-WORK\Desktop\fall 2023\embedded system\Lab_02.X\Lab_02.asm



                              Symbols - Sorted by Address
                     Name    Address   Location    Storage File                     
                ---------  ---------  ---------  --------- ---------                
                     Main   0x000003    program     static C:\Users\NSF-WORK\Desktop\fall 2023\embedded system\Lab_02.X\Lab_02.asm
                main_loop   0x000018    program     static C:\Users\NSF-WORK\Desktop\fall 2023\embedded system\Lab_02.X\Lab_02.asm
                 DS1_func   0x000020    program     static C:\Users\NSF-WORK\Desktop\fall 2023\embedded system\Lab_02.X\Lab_02.asm
                 DS4_func   0x000029    program     static C:\Users\NSF-WORK\Desktop\fall 2023\embedded system\Lab_02.X\Lab_02.asm
                both_func   0x000032    program     static C:\Users\NSF-WORK\Desktop\fall 2023\embedded system\Lab_02.X\Lab_02.asm
                    NO_OP   0x00003d    program     static C:\Users\NSF-WORK\Desktop\fall 2023\embedded system\Lab_02.X\Lab_02.asm
            _UsrCode_003C   0x00003f    program     static C:\Users\NSF-WORK\Desktop\fall 2023\embedded system\Lab_02.X\Lab_02.asm


